Release 12.4 - xst M.81d (nt)
Copyright (c) 1995-2010 Xilinx, Inc.  All rights reserved.
--> Parameter TMPDIR set to xst/projnav.tmp


Total REAL time to Xst completion: 0.00 secs
Total CPU time to Xst completion: 0.13 secs
 
--> Parameter xsthdpdir set to xst


Total REAL time to Xst completion: 0.00 secs
Total CPU time to Xst completion: 0.14 secs
 
--> Reading design: Reg.prj

TABLE OF CONTENTS
  1) Synthesis Options Summary
  2) HDL Compilation
  3) Design Hierarchy Analysis
  4) HDL Analysis
  5) HDL Synthesis
     5.1) HDL Synthesis Report
  6) Advanced HDL Synthesis
     6.1) Advanced HDL Synthesis Report
  7) Low Level Synthesis
  8) Partition Report
  9) Final Report
	9.1) Device utilization summary
	9.2) Partition Resource Summary
	9.3) TIMING REPORT


=========================================================================
*                      Synthesis Options Summary                        *
=========================================================================
---- Source Parameters
Input File Name                    : "Reg.prj"
Input Format                       : mixed
Ignore Synthesis Constraint File   : NO

---- Target Parameters
Output File Name                   : "Reg"
Output Format                      : NGC
Target Device                      : xc3s50a-4-tq144

---- Source Options
Top Module Name                    : Reg
Automatic FSM Extraction           : YES
FSM Encoding Algorithm             : Auto
Safe Implementation                : No
FSM Style                          : LUT
RAM Extraction                     : Yes
RAM Style                          : Auto
ROM Extraction                     : Yes
Mux Style                          : Auto
Decoder Extraction                 : YES
Priority Encoder Extraction        : Yes
Shift Register Extraction          : YES
Logical Shifter Extraction         : YES
XOR Collapsing                     : YES
ROM Style                          : Auto
Mux Extraction                     : Yes
Resource Sharing                   : YES
Asynchronous To Synchronous        : NO
Multiplier Style                   : Auto
Automatic Register Balancing       : No

---- Target Options
Add IO Buffers                     : YES
Global Maximum Fanout              : 500
Add Generic Clock Buffer(BUFG)     : 24
Register Duplication               : YES
Slice Packing                      : YES
Optimize Instantiated Primitives   : NO
Use Clock Enable                   : Yes
Use Synchronous Set                : Yes
Use Synchronous Reset              : Yes
Pack IO Registers into IOBs        : Auto
Equivalent register Removal        : YES

---- General Options
Optimization Goal                  : Speed
Optimization Effort                : 1
Keep Hierarchy                     : No
Netlist Hierarchy                  : As_Optimized
RTL Output                         : Yes
Global Optimization                : AllClockNets
Read Cores                         : YES
Write Timing Constraints           : NO
Cross Clock Analysis               : NO
Hierarchy Separator                : /
Bus Delimiter                      : <>
Case Specifier                     : Maintain
Slice Utilization Ratio            : 100
BRAM Utilization Ratio             : 100
Verilog 2001                       : YES
Auto BRAM Packing                  : NO
Slice Utilization Ratio Delta      : 5

=========================================================================


=========================================================================
*                          HDL Compilation                              *
=========================================================================
Compiling vhdl file "//maxwell/zjf10$/353/CPU/Register.vhd" in Library work.
Entity <reg> compiled.
Entity <reg> (Architecture <behavioral>) compiled.

=========================================================================
*                     Design Hierarchy Analysis                         *
=========================================================================
Analyzing hierarchy for entity <Reg> in library <work> (architecture <behavioral>).


=========================================================================
*                            HDL Analysis                               *
=========================================================================
Analyzing Entity <Reg> in library <work> (Architecture <behavioral>).
WARNING:Xst:819 - "//maxwell/zjf10$/353/CPU/Register.vhd" line 46: One or more signals are missing in the process sensitivity list. To enable synthesis of FPGA/CPLD hardware, XST will assume that all necessary signals are present in the sensitivity list. Please note that the result of the synthesis may differ from the initial design specification. The missing signals are:
   <SEL1>, <data_in>
INFO:Xst:1561 - "//maxwell/zjf10$/353/CPU/Register.vhd" line 74: Mux is complete : default of case is discarded
INFO:Xst:1561 - "//maxwell/zjf10$/353/CPU/Register.vhd" line 86: Mux is complete : default of case is discarded
WARNING:Xst:819 - "//maxwell/zjf10$/353/CPU/Register.vhd" line 63: One or more signals are missing in the process sensitivity list. To enable synthesis of FPGA/CPLD hardware, XST will assume that all necessary signals are present in the sensitivity list. Please note that the result of the synthesis may differ from the initial design specification. The missing signals are:
   <SEL1>, <r0>, <r1>, <r2>, <r3>, <r4>, <r5>, <r6>, <r7>, <SEL2>
Entity <Reg> analyzed. Unit <Reg> generated.


=========================================================================
*                           HDL Synthesis                               *
=========================================================================

Performing bidirectional port resolution...

Synthesizing Unit <Reg>.
    Related source file is "//maxwell/zjf10$/353/CPU/Register.vhd".
WARNING:Xst:737 - Found 8-bit latch for signal <data_out1>. Latches may be generated from incomplete case or if statements. We do not recommend the use of latches in FPGA/CPLD designs, as they may lead to timing problems.
WARNING:Xst:737 - Found 8-bit latch for signal <data_out2>. Latches may be generated from incomplete case or if statements. We do not recommend the use of latches in FPGA/CPLD designs, as they may lead to timing problems.
WARNING:Xst:737 - Found 8-bit latch for signal <r0>. Latches may be generated from incomplete case or if statements. We do not recommend the use of latches in FPGA/CPLD designs, as they may lead to timing problems.
WARNING:Xst:737 - Found 8-bit latch for signal <r1>. Latches may be generated from incomplete case or if statements. We do not recommend the use of latches in FPGA/CPLD designs, as they may lead to timing problems.
WARNING:Xst:737 - Found 8-bit latch for signal <r2>. Latches may be generated from incomplete case or if statements. We do not recommend the use of latches in FPGA/CPLD designs, as they may lead to timing problems.
WARNING:Xst:737 - Found 8-bit latch for signal <r3>. Latches may be generated from incomplete case or if statements. We do not recommend the use of latches in FPGA/CPLD designs, as they may lead to timing problems.
WARNING:Xst:737 - Found 8-bit latch for signal <r4>. Latches may be generated from incomplete case or if statements. We do not recommend the use of latches in FPGA/CPLD designs, as they may lead to timing problems.
WARNING:Xst:737 - Found 8-bit latch for signal <r5>. Latches may be generated from incomplete case or if statements. We do not recommend the use of latches in FPGA/CPLD designs, as they may lead to timing problems.
WARNING:Xst:737 - Found 8-bit latch for signal <r6>. Latches may be generated from incomplete case or if statements. We do not recommend the use of latches in FPGA/CPLD designs, as they may lead to timing problems.
WARNING:Xst:737 - Found 8-bit latch for signal <r7>. Latches may be generated from incomplete case or if statements. We do not recommend the use of latches in FPGA/CPLD designs, as they may lead to timing problems.
    Found 8-bit 8-to-1 multiplexer for signal <data_out1$mux0001> created at line 66.
    Found 8-bit 8-to-1 multiplexer for signal <data_out2$mux0001> created at line 78.
    Summary:
	inferred  16 Multiplexer(s).
Unit <Reg> synthesized.


=========================================================================
HDL Synthesis Report

Macro Statistics
# Latches                                              : 10
 8-bit latch                                           : 10
# Multiplexers                                         : 2
 8-bit 8-to-1 multiplexer                              : 2

=========================================================================

=========================================================================
*                       Advanced HDL Synthesis                          *
=========================================================================


=========================================================================
Advanced HDL Synthesis Report

Macro Statistics
# Latches                                              : 10
 8-bit latch                                           : 10
# Multiplexers                                         : 2
 8-bit 8-to-1 multiplexer                              : 2

=========================================================================

=========================================================================
*                         Low Level Synthesis                           *
=========================================================================

Optimizing unit <Reg> ...

Mapping all equations...
Building and optimizing final netlist ...
Found area constraint ratio of 100 (+ 5) on block Reg, actual ratio is 9.

Final Macro Processing ...

=========================================================================
Final Register Report

Found no macro
=========================================================================

=========================================================================
*                           Partition Report                            *
=========================================================================

Partition Implementation Status
-------------------------------

  No Partitions were found in this design.

-------------------------------

=========================================================================
*                            Final Report                               *
=========================================================================
Final Results
RTL Top Level Output File Name     : Reg.ngr
Top Level Output File Name         : Reg
Output Format                      : NGC
Optimization Goal                  : Speed
Keep Hierarchy                     : No

Design Statistics
# IOs                              : 32

Cell Usage :
# BELS                             : 120
#      LUT3                        : 72
#      MUXF5                       : 32
#      MUXF6                       : 16
# FlipFlops/Latches                : 80
#      LD                          : 16
#      LDE                         : 64
# Clock Buffers                    : 2
#      BUFGP                       : 2
# IO Buffers                       : 30
#      IBUF                        : 14
#      OBUF                        : 16
=========================================================================

Device utilization summary:
---------------------------

Selected Device : 3s50atq144-4 

 Number of Slices:                       69  out of    704     9%  
 Number of Slice Flip Flops:             64  out of   1408     4%  
 Number of 4 input LUTs:                 72  out of   1408     5%  
 Number of IOs:                          32
 Number of bonded IOBs:                  32  out of    108    29%  
    IOB Flip Flops:                      16
 Number of GCLKs:                         2  out of     24     8%  

---------------------------
Partition Resource Summary:
---------------------------

  No Partitions were found in this design.

---------------------------


=========================================================================
TIMING REPORT

NOTE: THESE TIMING NUMBERS ARE ONLY A SYNTHESIS ESTIMATE.
      FOR ACCURATE TIMING INFORMATION PLEASE REFER TO THE TRACE REPORT
      GENERATED AFTER PLACE-and-ROUTE.

Clock Information:
------------------
-----------------------------------+------------------------+-------+
Clock Signal                       | Clock buffer(FF name)  | Load  |
-----------------------------------+------------------------+-------+
wline                              | BUFGP                  | 64    |
rline                              | BUFGP                  | 16    |
-----------------------------------+------------------------+-------+

Asynchronous Control Signals Information:
----------------------------------------
No asynchronous control signals found in this design

Timing Summary:
---------------
Speed Grade: -4

   Minimum period: No path found
   Minimum input arrival time before clock: 3.974ns
   Maximum output required time after clock: 5.668ns
   Maximum combinational path delay: No path found

Timing Detail:
--------------
All values displayed in nanoseconds (ns)

=========================================================================
Timing constraint: Default OFFSET IN BEFORE for Clock 'wline'
  Total number of paths / destination ports: 256 / 128
-------------------------------------------------------------------------
Offset:              3.974ns (Levels of Logic = 2)
  Source:            SEL1<0> (PAD)
  Destination:       r5_0 (LATCH)
  Destination Clock: wline falling

  Data Path: SEL1<0> to r5_0
                                Gate     Net
    Cell:in->out      fanout   Delay   Delay  Logical Name (Net Name)
    ----------------------------------------  ------------
     IBUF:I->O            40   0.849   1.408  SEL1_0_IBUF (SEL1_0_IBUF)
     LUT3:I0->O            8   0.648   0.757  r5_cmp_eq00001 (r5_cmp_eq0000)
     LDE:GE                    0.312          r5_7
    ----------------------------------------
    Total                      3.974ns (1.809ns logic, 2.165ns route)
                                       (45.5% logic, 54.5% route)

=========================================================================
Timing constraint: Default OFFSET IN BEFORE for Clock 'rline'
  Total number of paths / destination ports: 112 / 16
-------------------------------------------------------------------------
Offset:              3.724ns (Levels of Logic = 4)
  Source:            SEL1<0> (PAD)
  Destination:       data_out1_0 (LATCH)
  Destination Clock: rline falling

  Data Path: SEL1<0> to data_out1_0
                                Gate     Net
    Cell:in->out      fanout   Delay   Delay  Logical Name (Net Name)
    ----------------------------------------  ------------
     IBUF:I->O            40   0.849   1.408  SEL1_0_IBUF (SEL1_0_IBUF)
     LUT3:I0->O            1   0.648   0.000  Mmux_data_out1_mux0001_4 (Mmux_data_out1_mux0001_4)
     MUXF5:I1->O           1   0.276   0.000  Mmux_data_out1_mux0001_3_f5 (Mmux_data_out1_mux0001_3_f5)
     MUXF6:I1->O           1   0.291   0.000  Mmux_data_out1_mux0001_2_f6 (data_out1_mux0001<0>)
     LD:D                      0.252          data_out1_0
    ----------------------------------------
    Total                      3.724ns (2.316ns logic, 1.408ns route)
                                       (62.2% logic, 37.8% route)

=========================================================================
Timing constraint: Default OFFSET OUT AFTER for Clock 'rline'
  Total number of paths / destination ports: 16 / 16
-------------------------------------------------------------------------
Offset:              5.668ns (Levels of Logic = 1)
  Source:            data_out1_7 (LATCH)
  Destination:       data_out1<7> (PAD)
  Source Clock:      rline falling

  Data Path: data_out1_7 to data_out1<7>
                                Gate     Net
    Cell:in->out      fanout   Delay   Delay  Logical Name (Net Name)
    ----------------------------------------  ------------
     LD:G->Q               1   0.728   0.420  data_out1_7 (data_out1_7)
     OBUF:I->O                 4.520          data_out1_7_OBUF (data_out1<7>)
    ----------------------------------------
    Total                      5.668ns (5.248ns logic, 0.420ns route)
                                       (92.6% logic, 7.4% route)

=========================================================================


Total REAL time to Xst completion: 10.00 secs
Total CPU time to Xst completion: 10.07 secs
 
--> 

Total memory usage is 134864 kilobytes

Number of errors   :    0 (   0 filtered)
Number of warnings :   12 (   0 filtered)
Number of infos    :    2 (   0 filtered)

